[15:17:18] [DEBUG] Boot log initialized
[15:17:18] [INFO] BasaltOS booting...
[15:17:18] [INFO] Loading configuration...
[15:17:18] [INFO] Initializing event system...
[15:17:18] [INFO] Registering services...
[15:17:18] [INFO]   Scanning services directory...
[15:17:18] [INFO]   [OK] Service loaded: arg_collector
[15:17:18] [INFO]   [OK] Service loaded: auth
[15:17:18] [INFO]   [OK] Service loaded: basaltshell
[15:17:18] [INFO]   [OK] Service loaded: clipboard
[15:17:18] [INFO]   [OK] Service loaded: contextmenu
[15:17:18] [INFO]   [OK] Service loaded: desktop
[15:17:18] [INFO]   [OK] Service loaded: dialog
[15:17:18] [INFO]   [OK] Service loaded: filesystem
[15:17:18] [INFO]   [OK] Service loaded: notification
[15:17:18] [INFO]   [OK] Service loaded: process
[15:17:18] [INFO]   [OK] Service loaded: registry
[15:17:18] [INFO]   [OK] Service loaded: settings
[15:17:18] [INFO]   [OK] Service loaded: startmenu
[15:17:18] [INFO]   [OK] Service loaded: taskbar
[15:17:18] [INFO]   [OK] Service loaded: ui
[15:17:18] [INFO]   [OK] Service loaded: userfs
[15:17:18] [INFO]   [OK] Service loaded: wm
[15:17:18] [INFO]   ---
[15:17:18] [INFO]   Services: 17 loaded, 0 failed
[15:17:18] [INFO] Initializing services...
[15:17:18] [DEBUG]   - Initializing service: ui
[15:17:18] [DEBUG]   - Initializing service: contextmenu
[15:17:18] [DEBUG]   - Initializing service: dialog
[15:17:18] [DEBUG]   - Initializing service: arg_collector
[15:17:18] [DEBUG]   - Initializing service: taskbar
[15:17:18] [DEBUG]   - Initializing service: startmenu
[15:17:18] [DEBUG]   - Initializing service: clipboard
[15:17:18] [DEBUG]   - Initializing service: basaltshell
[15:17:18] [DEBUG]   - Initializing service: settings
[15:17:18] [DEBUG]   - Initializing service: auth
[15:17:18] [DEBUG]   - Initializing service: process
[15:17:18] [DEBUG]   - Initializing service: userfs
[15:17:18] [DEBUG]   - Initializing service: desktop
[15:17:18] [DEBUG]   - Initializing service: notification
[15:17:18] [DEBUG]   - Initializing service: wm
[15:17:18] [DEBUG]   - Initializing service: registry
[15:17:18] [DEBUG]   - Initializing service: filesystem
[15:17:18] [INFO] Boot completed!
[15:17:18] [DEBUG] Boot log closed
