[LOG] System started at 2026-03-24 15:13:35
[15:13:35] [INFO] [ARG_COLLECTOR] Service initialized
[15:13:35] [DEBUG] [STARTMENU] Start menu service initialized
[15:13:35] [DEBUG] [CLIPBOARD] Clipboard service initialized
[15:13:35] [DEBUG] [BASALTSHELL] Registered command: alert
[15:13:35] [INFO] [BASALTSHELL] Service initialized
[15:13:35] [DEBUG] [SETTINGS] Settings service initialized
[15:13:35] [DEBUG] [FILESYSTEM] Registered file type: nfp -> paint
[15:13:35] [DEBUG] [FILESYSTEM] Registered file type: json -> edit
[15:13:35] [DEBUG] [FILESYSTEM] Registered file type: lua -> exec
[15:13:35] [DEBUG] [FILESYSTEM] Registered file type: txt -> edit
[15:13:35] [DEBUG] [FILESYSTEM] Registered file type: md -> edit
[15:13:35] [INFO] [FILESYSTEM] Service initialized
[15:13:37] [INFO] [SETTINGS] User settings loaded | Data: {
  user = "admin",
  keys = 0,
}
[15:13:38] [INFO] [CONTEXTMENU] Service initialized
[15:13:38] [INFO] [TASKBAR] Taskbar created
[15:13:38] [INFO] [DIALOG] Service initialized
[15:13:38] [INFO] [NOTIFICATION] Service initialized
[15:13:38] [DEBUG] [STARTMENU] Start menu opened
[15:13:39] [DEBUG] [PROCESS] startProgram called | Data: {
  program_id = "launcher",
}
[15:13:39] [DEBUG] [PROCESS] Program found | Data: {
  name = "App Launcher",
  executable = "system/apps/launcher/main.lua",
  version = "1.0.0",
  app_path = "system/apps/launcher",
  description = "Browse and launch installed applications",
  author = "BasaltOS",
  category = "system",
  system = true,
  window = {
    min_height = 5,
    min_width = 10,
    fullscreen = false,
    default_width = 50,
    resizable = false,
    default_height = 18,
  },
  singleton = true,
  id = "launcher",
}
[15:13:39] [INFO] [PROCESS] Process created | Data: {
  program = "launcher",
  pid = 1,
  type = "windowed",
}
[15:13:39] [DEBUG] [PROCESS] Creating window for PID 1
[15:13:39] [DEBUG] [WM] createWindow called | Data: {
  program = "App Launcher",
  pid = 1,
  executable = "system/apps/launcher/main.lua",
}
[15:13:39] [DEBUG] [WM] Window config | Data: {
  width = 50,
  height = 18,
  fullscreen = false,
}
[15:13:39] [DEBUG] [WM] Program directory | Data: {
  dir = "system/apps/launcher",
}
[15:13:39] [INFO] [WM] Executing program | Data: {
  args = {},
  executable = "system/apps/launcher/main.lua",
}
[15:13:39] [INFO] [WM] Program execution started
[15:13:39] [DEBUG] [TASKBAR] Window button added | Data: {
  window_id = 1,
  title = "App Launcher",
}
[15:13:39] [DEBUG] [STARTMENU] Start menu closed
[15:13:39] [INFO] [WM] Window created successfully | Data: {
  window_id = 1,
  pid = 1,
}
[15:13:39] [INFO] [PROCESS] Window created | Data: {
  pid = 1,
  window_id = 1,
}
[15:13:39] [DEBUG] [STARTMENU] Start menu closed
[15:13:40] [DEBUG] [PROCESS] startProgram called | Data: {
  program_id = "filely",
}
[15:13:40] [DEBUG] [PROCESS] Program found | Data: {
  name = "Filely",
  executable = "system/apps/filely/main.lua",
  version = "1.0.0",
  app_path = "system/apps/filely",
  description = "File manager for BasaltOS",
  author = "BasaltOS",
  category = "system",
  system = true,
  window = {
    min_height = 12,
    min_width = 35,
    fullscreen = false,
    default_width = 50,
    resizable = true,
    default_height = 20,
  },
  singleton = false,
  id = "filely",
}
[15:13:40] [INFO] [PROCESS] Process created | Data: {
  program = "filely",
  pid = 2,
  type = "windowed",
}
[15:13:40] [DEBUG] [PROCESS] Creating window for PID 2
[15:13:40] [DEBUG] [WM] createWindow called | Data: {
  program = "Filely",
  pid = 2,
  executable = "system/apps/filely/main.lua",
}
[15:13:40] [DEBUG] [WM] Window config | Data: {
  width = 50,
  height = 20,
  fullscreen = false,
}
[15:13:40] [DEBUG] [WM] Program directory | Data: {
  dir = "system/apps/filely",
}
[15:13:40] [INFO] [WM] Executing program | Data: {
  args = {},
  executable = "system/apps/filely/main.lua",
}
[15:13:40] [INFO] [WM] Program execution started
[15:13:40] [DEBUG] [TASKBAR] Window button added | Data: {
  window_id = 2,
  title = "Filely",
}
[15:13:40] [INFO] [WM] Window created successfully | Data: {
  window_id = 2,
  pid = 2,
}
[15:13:40] [INFO] [PROCESS] Window created | Data: {
  pid = 2,
  window_id = 2,
}
[15:13:42] [DEBUG] [CONTEXTMENU] Opened menu | Data: {
  y = 9,
  x = 15,
  items = 4,
}
[15:13:44] [DEBUG] [CONTEXTMENU] Opened menu | Data: {
  y = 8,
  x = 10,
  items = 4,
}
[15:13:58] [DEBUG] [CONTEXTMENU] Opened menu | Data: {
  y = 8,
  x = 50,
  items = 4,
}
[15:14:03] [DEBUG] [CONTEXTMENU] Opened menu | Data: {
  y = 8,
  x = 50,
  items = 4,
}
[15:14:07] [DEBUG] [CONTEXTMENU] Opened menu | Data: {
  y = 7,
  x = 23,
  items = 4,
}
[15:14:08] [DEBUG] [CONTEXTMENU] Opened menu | Data: {
  y = 6,
  x = 22,
  items = 4,
}
[15:14:10] [DEBUG] [CONTEXTMENU] Opened menu | Data: {
  y = 9,
  x = 11,
  items = 4,
}
[15:14:14] [DEBUG] [CONTEXTMENU] Opened menu | Data: {
  y = 6,
  x = 7,
  items = 4,
}
[15:14:29] [DEBUG] [CONTEXTMENU] Opened menu | Data: {
  y = 9,
  x = 12,
  items = 4,
}
[15:14:41] [DEBUG] [PROCESS] startProgram called | Data: {
  program_id = "edit",
  args = {
    "users/admin/apps/installed.dat",
  },
}
[15:14:41] [DEBUG] [PROCESS] Program found | Data: {
  name = "Editor",
  executable = "rom/programs/edit.lua",
  version = "1.0.0",
  app_path = "system/apps/edit",
  description = "Text and code editor",
  author = "ComputerCraft",
  system = true,
  category = "utilities",
  window = {
    min_height = 5,
    min_width = 10,
    fullscreen = false,
    default_width = 30,
    resizable = true,
    default_height = 15,
  },
  id = "edit",
  singleton = false,
  args = {
    {
      description = "File to open or create",
      name = "path",
      type = "file",
      required = true,
      label = "File Path",
      default = "",
    },
  },
}
[15:14:41] [INFO] [PROCESS] Process created | Data: {
  program = "edit",
  pid = 3,
  type = "windowed",
}
[15:14:41] [DEBUG] [PROCESS] Creating window for PID 3
[15:14:41] [DEBUG] [WM] createWindow called | Data: {
  program = "Editor",
  pid = 3,
  executable = "rom/programs/edit.lua",
}
[15:14:41] [DEBUG] [WM] Window config | Data: {
  width = 30,
  height = 15,
  fullscreen = false,
}
[15:14:41] [DEBUG] [WM] Program directory | Data: {
  dir = "rom/programs",
}
[15:14:41] [INFO] [WM] Executing program | Data: {
  args = {
    "users/admin/apps/installed.dat",
  },
  executable = "rom/programs/edit.lua",
}
[15:14:41] [INFO] [WM] Program execution started
[15:14:41] [DEBUG] [TASKBAR] Window button added | Data: {
  window_id = 3,
  title = "Editor",
}
[15:14:41] [INFO] [WM] Window created successfully | Data: {
  window_id = 3,
  pid = 3,
}
[15:14:41] [INFO] [PROCESS] Window created | Data: {
  pid = 3,
  window_id = 3,
}
[15:14:43] [DEBUG] [TASKBAR] Window button removed | Data: {
  window_id = 3,
}
[15:14:45] [DEBUG] [PROCESS] startProgram called | Data: {
  program_id = "edit",
  args = {
    "users/admin/apps/installed.dat",
  },
}
[15:14:45] [DEBUG] [PROCESS] Program found | Data: {
  name = "Editor",
  executable = "rom/programs/edit.lua",
  version = "1.0.0",
  app_path = "system/apps/edit",
  description = "Text and code editor",
  author = "ComputerCraft",
  system = true,
  category = "utilities",
  window = {
    min_height = 5,
    min_width = 10,
    fullscreen = false,
    default_width = 30,
    resizable = true,
    default_height = 15,
  },
  id = "edit",
  singleton = false,
  args = {
    {
      description = "File to open or create",
      name = "path",
      type = "file",
      required = true,
      label = "File Path",
      default = "",
    },
  },
}
[15:14:45] [INFO] [PROCESS] Process created | Data: {
  program = "edit",
  pid = 4,
  type = "windowed",
}
[15:14:45] [DEBUG] [PROCESS] Creating window for PID 4
[15:14:45] [DEBUG] [WM] createWindow called | Data: {
  program = "Editor",
  pid = 4,
  executable = "rom/programs/edit.lua",
}
[15:14:45] [DEBUG] [WM] Window config | Data: {
  width = 30,
  height = 15,
  fullscreen = false,
}
[15:14:45] [DEBUG] [WM] Program directory | Data: {
  dir = "rom/programs",
}
[15:14:45] [INFO] [WM] Executing program | Data: {
  args = {
    "users/admin/apps/installed.dat",
  },
  executable = "rom/programs/edit.lua",
}
[15:14:45] [INFO] [WM] Program execution started
[15:14:45] [DEBUG] [TASKBAR] Window button added | Data: {
  window_id = 4,
  title = "Editor",
}
[15:14:45] [INFO] [WM] Window created successfully | Data: {
  window_id = 4,
  pid = 4,
}
[15:14:45] [INFO] [PROCESS] Window created | Data: {
  pid = 4,
  window_id = 4,
}
[15:14:46] [DEBUG] [TASKBAR] Window button removed | Data: {
  window_id = 4,
}
[15:14:49] [DEBUG] [CONTEXTMENU] Opened menu | Data: {
  y = 21,
  x = 38,
  items = 4,
}
[15:15:18] [DEBUG] [TASKBAR] Window button removed | Data: {
  window_id = 2,
}
[15:15:20] [DEBUG] [NOTIFICATION] Toast shown | Data: {
  title = "Error",
  type = "error",
  id = 1,
}
[15:15:31] [DEBUG] [TASKBAR] Window restored | Data: {
  window_id = 1,
}
[15:15:33] [DEBUG] [PROCESS] startProgram called | Data: {
  program_id = "filely",
}
[15:15:33] [DEBUG] [PROCESS] Program found | Data: {
  name = "Filely",
  executable = "system/apps/filely/main.lua",
  version = "1.0.0",
  app_path = "system/apps/filely",
  description = "File manager for BasaltOS",
  author = "BasaltOS",
  category = "system",
  system = true,
  window = {
    min_height = 12,
    min_width = 35,
    fullscreen = false,
    default_width = 50,
    resizable = true,
    default_height = 20,
  },
  singleton = false,
  id = "filely",
}
[15:15:33] [INFO] [PROCESS] Process created | Data: {
  program = "filely",
  pid = 5,
  type = "windowed",
}
[15:15:33] [DEBUG] [PROCESS] Creating window for PID 5
[15:15:33] [DEBUG] [WM] createWindow called | Data: {
  program = "Filely",
  pid = 5,
  executable = "system/apps/filely/main.lua",
}
[15:15:33] [DEBUG] [WM] Window config | Data: {
  width = 50,
  height = 20,
  fullscreen = false,
}
[15:15:33] [DEBUG] [WM] Program directory | Data: {
  dir = "system/apps/filely",
}
[15:15:33] [INFO] [WM] Executing program | Data: {
  args = {},
  executable = "system/apps/filely/main.lua",
}
[15:15:33] [INFO] [WM] Program execution started
[15:15:33] [DEBUG] [TASKBAR] Window button added | Data: {
  window_id = 5,
  title = "Filely",
}
[15:15:33] [INFO] [WM] Window created successfully | Data: {
  window_id = 5,
  pid = 5,
}
[15:15:33] [INFO] [PROCESS] Window created | Data: {
  pid = 5,
  window_id = 5,
}
[15:15:34] [DEBUG] [CONTEXTMENU] Opened menu | Data: {
  y = 9,
  x = 14,
  items = 4,
}
[15:15:54] [DEBUG] [TASKBAR] Window button removed | Data: {
  window_id = 1,
}
