[LOG] System started at 2026-03-24 17:35:31
[17:35:33] [DEBUG] [PROCESS] startProgram called | Data: {
  program_id = "filely",
}
[17:35:33] [DEBUG] [PROCESS] Program found | Data: {
  name = "Filely",
  executable = "system/apps/filely/main.lua",
  version = "1.0.0",
  app_path = "system/apps/filely",
  description = "File manager for BasaltOS",
  author = "BasaltOS",
  category = "system",
  system = true,
  window = {
    min_height = 12,
    min_width = 35,
    fullscreen = false,
    default_width = 50,
    resizable = true,
    default_height = 20,
  },
  singleton = false,
  id = "filely",
}
[17:35:33] [INFO] [PROCESS] Process created | Data: {
  program = "filely",
  pid = 25,
  type = "windowed",
}
[17:35:33] [DEBUG] [PROCESS] Creating window for PID 25
[17:35:33] [DEBUG] [WM] createWindow called | Data: {
  program = "Filely",
  pid = 25,
  executable = "system/apps/filely/main.lua",
}
[17:35:33] [DEBUG] [WM] Window config | Data: {
  width = 50,
  height = 20,
  fullscreen = false,
}
[17:35:33] [DEBUG] [WM] Program directory | Data: {
  dir = "system/apps/filely",
}
[17:35:33] [INFO] [WM] Executing program | Data: {
  args = {},
  executable = "system/apps/filely/main.lua",
}
[17:35:34] [INFO] [WM] Program execution started
[17:35:34] [DEBUG] [TASKBAR] Window button added | Data: {
  window_id = 21,
  title = "Filely",
}
[17:35:34] [INFO] [WM] Window created successfully | Data: {
  window_id = 21,
  pid = 25,
}
[17:35:34] [INFO] [PROCESS] Window created | Data: {
  pid = 25,
  window_id = 21,
}
[17:35:40] [DEBUG] [PROCESS] startProgram called | Data: {
  program_id = "edit",
  args = {
    "users/admin/config/settings.dat",
  },
}
[17:35:40] [DEBUG] [PROCESS] Program found | Data: {
  name = "Editor",
  executable = "rom/programs/edit.lua",
  version = "1.0.0",
  app_path = "system/apps/edit",
  description = "Text and code editor",
  author = "ComputerCraft",
  system = true,
  category = "utilities",
  window = {
    min_height = 5,
    min_width = 10,
    fullscreen = false,
    default_width = 30,
    resizable = true,
    default_height = 15,
  },
  id = "edit",
  singleton = false,
  args = {
    {
      description = "File to open or create",
      name = "path",
      type = "file",
      required = true,
      label = "File Path",
      default = "",
    },
  },
}
[17:35:40] [INFO] [PROCESS] Process created | Data: {
  program = "edit",
  pid = 26,
  type = "windowed",
}
[17:35:40] [DEBUG] [PROCESS] Creating window for PID 26
[17:35:40] [DEBUG] [WM] createWindow called | Data: {
  program = "Editor",
  pid = 26,
  executable = "rom/programs/edit.lua",
}
[17:35:40] [DEBUG] [WM] Window config | Data: {
  width = 30,
  height = 15,
  fullscreen = false,
}
[17:35:40] [DEBUG] [WM] Program directory | Data: {
  dir = "rom/programs",
}
[17:35:40] [INFO] [WM] Executing program | Data: {
  args = {
    "users/admin/config/settings.dat",
  },
  executable = "rom/programs/edit.lua",
}
[17:35:40] [INFO] [WM] Program execution started
[17:35:40] [DEBUG] [TASKBAR] Window button added | Data: {
  window_id = 22,
  title = "Editor",
}
[17:35:40] [INFO] [WM] Window created successfully | Data: {
  window_id = 22,
  pid = 26,
}
[17:35:40] [INFO] [PROCESS] Window created | Data: {
  pid = 26,
  window_id = 22,
}
[17:35:41] [DEBUG] [TASKBAR] Window focused | Data: {
  window_id = 22,
}
[17:35:43] [DEBUG] [TASKBAR] Window button removed | Data: {
  window_id = 22,
}
[17:35:45] [DEBUG] [TASKBAR] Window focused | Data: {
  window_id = 21,
}
[17:35:46] [DEBUG] [TASKBAR] Window minimized | Data: {
  window_id = 21,
}
[17:35:46] [DEBUG] [TASKBAR] Window restored | Data: {
  window_id = 21,
}
