[LOG] System started at 2026-03-24 15:17:18
[15:17:18] [INFO] [ARG_COLLECTOR] Service initialized
[15:17:18] [DEBUG] [STARTMENU] Start menu service initialized
[15:17:18] [DEBUG] [CLIPBOARD] Clipboard service initialized
[15:17:18] [DEBUG] [BASALTSHELL] Registered command: alert
[15:17:18] [INFO] [BASALTSHELL] Service initialized
[15:17:18] [DEBUG] [SETTINGS] Settings service initialized
[15:17:18] [DEBUG] [FILESYSTEM] Registered file type: nfp -> paint
[15:17:18] [DEBUG] [FILESYSTEM] Registered file type: json -> edit
[15:17:18] [DEBUG] [FILESYSTEM] Registered file type: lua -> exec
[15:17:18] [DEBUG] [FILESYSTEM] Registered file type: txt -> edit
[15:17:18] [DEBUG] [FILESYSTEM] Registered file type: md -> edit
[15:17:18] [INFO] [FILESYSTEM] Service initialized
[15:17:19] [INFO] [SETTINGS] User settings loaded | Data: {
  user = "admin",
  keys = 0,
}
[15:17:20] [INFO] [CONTEXTMENU] Service initialized
[15:17:20] [INFO] [TASKBAR] Taskbar created
[15:17:20] [INFO] [DIALOG] Service initialized
[15:17:20] [INFO] [NOTIFICATION] Service initialized
[15:17:20] [DEBUG] [STARTMENU] Start menu opened
[15:17:21] [DEBUG] [PROCESS] startProgram called | Data: {
  program_id = "launcher",
}
[15:17:21] [DEBUG] [PROCESS] Program found | Data: {
  name = "App Launcher",
  executable = "system/apps/launcher/main.lua",
  version = "1.0.0",
  app_path = "system/apps/launcher",
  description = "Browse and launch installed applications",
  author = "BasaltOS",
  category = "system",
  system = true,
  window = {
    min_height = 5,
    min_width = 10,
    fullscreen = false,
    default_width = 50,
    resizable = false,
    default_height = 18,
  },
  singleton = true,
  id = "launcher",
}
[15:17:21] [INFO] [PROCESS] Process created | Data: {
  program = "launcher",
  pid = 1,
  type = "windowed",
}
[15:17:21] [DEBUG] [PROCESS] Creating window for PID 1
[15:17:21] [DEBUG] [WM] createWindow called | Data: {
  program = "App Launcher",
  pid = 1,
  executable = "system/apps/launcher/main.lua",
}
[15:17:21] [DEBUG] [WM] Window config | Data: {
  width = 50,
  height = 18,
  fullscreen = false,
}
[15:17:21] [DEBUG] [WM] Program directory | Data: {
  dir = "system/apps/launcher",
}
[15:17:21] [INFO] [WM] Executing program | Data: {
  args = {},
  executable = "system/apps/launcher/main.lua",
}
[15:17:21] [INFO] [WM] Program execution started
[15:17:21] [DEBUG] [TASKBAR] Window button added | Data: {
  window_id = 1,
  title = "App Launcher",
}
[15:17:21] [DEBUG] [STARTMENU] Start menu closed
[15:17:21] [INFO] [WM] Window created successfully | Data: {
  window_id = 1,
  pid = 1,
}
[15:17:21] [INFO] [PROCESS] Window created | Data: {
  pid = 1,
  window_id = 1,
}
[15:17:21] [DEBUG] [STARTMENU] Start menu closed
[15:17:23] [DEBUG] [PROCESS] startProgram called | Data: {
  program_id = "filely",
}
[15:17:23] [DEBUG] [PROCESS] Program found | Data: {
  name = "Filely",
  executable = "system/apps/filely/main.lua",
  version = "1.0.0",
  app_path = "system/apps/filely",
  description = "File manager for BasaltOS",
  author = "BasaltOS",
  category = "system",
  system = true,
  window = {
    min_height = 12,
    min_width = 35,
    fullscreen = false,
    default_width = 50,
    resizable = true,
    default_height = 20,
  },
  singleton = false,
  id = "filely",
}
[15:17:23] [INFO] [PROCESS] Process created | Data: {
  program = "filely",
  pid = 2,
  type = "windowed",
}
[15:17:23] [DEBUG] [PROCESS] Creating window for PID 2
[15:17:23] [DEBUG] [WM] createWindow called | Data: {
  program = "Filely",
  pid = 2,
  executable = "system/apps/filely/main.lua",
}
[15:17:23] [DEBUG] [WM] Window config | Data: {
  width = 50,
  height = 20,
  fullscreen = false,
}
[15:17:23] [DEBUG] [WM] Program directory | Data: {
  dir = "system/apps/filely",
}
[15:17:23] [INFO] [WM] Executing program | Data: {
  args = {},
  executable = "system/apps/filely/main.lua",
}
[15:17:23] [INFO] [WM] Program execution started
[15:17:23] [DEBUG] [TASKBAR] Window button added | Data: {
  window_id = 2,
  title = "Filely",
}
[15:17:23] [INFO] [WM] Window created successfully | Data: {
  window_id = 2,
  pid = 2,
}
[15:17:23] [INFO] [PROCESS] Window created | Data: {
  pid = 2,
  window_id = 2,
}
[15:17:25] [DEBUG] [CONTEXTMENU] Opened menu | Data: {
  y = 6,
  x = 8,
  items = 4,
}
[15:17:27] [DEBUG] [CONTEXTMENU] Opened menu | Data: {
  y = 9,
  x = 17,
  items = 4,
}
[15:17:32] [DEBUG] [CONTEXTMENU] Opened menu | Data: {
  y = 8,
  x = 31,
  items = 4,
}
[15:17:36] [DEBUG] [CONTEXTMENU] Opened menu | Data: {
  y = 9,
  x = 10,
  items = 4,
}
[15:17:39] [DEBUG] [CONTEXTMENU] Opened menu | Data: {
  y = 9,
  x = 10,
  items = 4,
}
[15:17:53] [DEBUG] [CONTEXTMENU] Opened menu | Data: {
  y = 7,
  x = 10,
  items = 4,
}
[15:17:58] [DEBUG] [STARTMENU] Start menu opened
[15:18:01] [DEBUG] [STARTMENU] Start menu closed
[15:18:02] [DEBUG] [TASKBAR] Window button removed | Data: {
  window_id = 1,
}
[15:18:05] [DEBUG] [CONTEXTMENU] Opened menu | Data: {
  y = 8,
  x = 52,
  items = 4,
}
[15:18:19] [DEBUG] [CONTEXTMENU] Opened menu | Data: {
  y = 6,
  x = 58,
  items = 4,
}
[15:18:22] [DEBUG] [PROCESS] startProgram called | Data: {
  program_id = "edit",
  args = {
    "users/admin/config/settings.dat",
  },
}
[15:18:22] [DEBUG] [PROCESS] Program found | Data: {
  name = "Editor",
  executable = "rom/programs/edit.lua",
  version = "1.0.0",
  app_path = "system/apps/edit",
  description = "Text and code editor",
  author = "ComputerCraft",
  system = true,
  category = "utilities",
  window = {
    min_height = 5,
    min_width = 10,
    fullscreen = false,
    default_width = 30,
    resizable = true,
    default_height = 15,
  },
  id = "edit",
  singleton = false,
  args = {
    {
      description = "File to open or create",
      name = "path",
      type = "file",
      required = true,
      label = "File Path",
      default = "",
    },
  },
}
[15:18:22] [INFO] [PROCESS] Process created | Data: {
  program = "edit",
  pid = 3,
  type = "windowed",
}
[15:18:22] [DEBUG] [PROCESS] Creating window for PID 3
[15:18:22] [DEBUG] [WM] createWindow called | Data: {
  program = "Editor",
  pid = 3,
  executable = "rom/programs/edit.lua",
}
[15:18:22] [DEBUG] [WM] Window config | Data: {
  width = 30,
  height = 15,
  fullscreen = false,
}
[15:18:22] [DEBUG] [WM] Program directory | Data: {
  dir = "rom/programs",
}
[15:18:22] [INFO] [WM] Executing program | Data: {
  args = {
    "users/admin/config/settings.dat",
  },
  executable = "rom/programs/edit.lua",
}
[15:18:22] [INFO] [WM] Program execution started
[15:18:22] [DEBUG] [TASKBAR] Window button added | Data: {
  window_id = 3,
  title = "Editor",
}
[15:18:22] [INFO] [WM] Window created successfully | Data: {
  window_id = 3,
  pid = 3,
}
[15:18:22] [INFO] [PROCESS] Window created | Data: {
  pid = 3,
  window_id = 3,
}
[15:18:23] [DEBUG] [TASKBAR] Window button removed | Data: {
  window_id = 3,
}
[15:18:26] [DEBUG] [STARTMENU] Start menu opened
[15:18:27] [DEBUG] [PROCESS] startProgram called | Data: {
  program_id = "settings",
}
[15:18:27] [DEBUG] [PROCESS] Program found | Data: {
  name = "Settings",
  executable = "system/apps/settings/main.lua",
  version = "1.0.0",
  app_path = "system/apps/settings",
  description = "System settings configuration",
  category = "system",
  system = true,
  window = {
    min_height = 5,
    min_width = 10,
    fullscreen = false,
    default_width = 45,
    resizable = false,
    default_height = 17,
  },
  id = "settings",
  singleton = true,
}
[15:18:27] [INFO] [PROCESS] Process created | Data: {
  program = "settings",
  pid = 4,
  type = "windowed",
}
[15:18:27] [DEBUG] [PROCESS] Creating window for PID 4
[15:18:27] [DEBUG] [WM] createWindow called | Data: {
  program = "Settings",
  pid = 4,
  executable = "system/apps/settings/main.lua",
}
[15:18:27] [DEBUG] [WM] Window config | Data: {
  width = 45,
  height = 17,
  fullscreen = false,
}
[15:18:27] [DEBUG] [WM] Program directory | Data: {
  dir = "system/apps/settings",
}
[15:18:27] [INFO] [WM] Executing program | Data: {
  args = {},
  executable = "system/apps/settings/main.lua",
}
[15:18:27] [INFO] [WM] Program execution started
[15:18:27] [DEBUG] [TASKBAR] Window button added | Data: {
  window_id = 4,
  title = "Settings",
}
[15:18:27] [DEBUG] [STARTMENU] Start menu closed
[15:18:27] [INFO] [WM] Window created successfully | Data: {
  window_id = 4,
  pid = 4,
}
[15:18:27] [INFO] [PROCESS] Window created | Data: {
  pid = 4,
  window_id = 4,
}
[15:18:27] [DEBUG] [STARTMENU] Start menu closed
[15:18:30] [DEBUG] [TASKBAR] Window button removed | Data: {
  window_id = 4,
}
[15:18:32] [DEBUG] [TASKBAR] Window button removed | Data: {
  window_id = 2,
}
[15:18:56] [DEBUG] [STARTMENU] Start menu opened
[15:18:57] [DEBUG] [PROCESS] startProgram called | Data: {
  program_id = "basaltterminal",
}
[15:18:57] [DEBUG] [PROCESS] Program found | Data: {
  name = "Terminal",
  executable = "system/apps/basaltterminal/main.lua",
  version = "1.0.0",
  app_path = "system/apps/basaltterminal",
  description = "Command line terminal for BasaltOS",
  author = "BasaltOS",
  category = "system",
  system = true,
  window = {
    min_height = 10,
    min_width = 30,
    fullscreen = false,
    default_width = 45,
    resizable = true,
    default_height = 20,
  },
  singleton = false,
  id = "basaltterminal",
}
[15:18:57] [INFO] [PROCESS] Process created | Data: {
  program = "basaltterminal",
  pid = 5,
  type = "windowed",
}
[15:18:57] [DEBUG] [PROCESS] Creating window for PID 5
[15:18:57] [DEBUG] [WM] createWindow called | Data: {
  program = "Terminal",
  pid = 5,
  executable = "system/apps/basaltterminal/main.lua",
}
[15:18:57] [DEBUG] [WM] Window config | Data: {
  width = 45,
  height = 20,
  fullscreen = false,
}
[15:18:57] [DEBUG] [WM] Program directory | Data: {
  dir = "system/apps/basaltterminal",
}
[15:18:57] [INFO] [WM] Executing program | Data: {
  args = {},
  executable = "system/apps/basaltterminal/main.lua",
}
[15:18:57] [INFO] [WM] Program execution started
[15:18:57] [DEBUG] [TASKBAR] Window button added | Data: {
  window_id = 5,
  title = "Terminal",
}
[15:18:57] [DEBUG] [STARTMENU] Start menu closed
[15:18:57] [INFO] [WM] Window created successfully | Data: {
  window_id = 5,
  pid = 5,
}
[15:18:57] [INFO] [PROCESS] Window created | Data: {
  pid = 5,
  window_id = 5,
}
[15:18:57] [DEBUG] [STARTMENU] Start menu closed
[15:19:05] [DEBUG] [STARTMENU] Start menu opened
[15:19:06] [DEBUG] [PROCESS] startProgram called | Data: {
  program_id = "basaltterminal",
}
[15:19:06] [DEBUG] [PROCESS] Program found | Data: {
  name = "Terminal",
  executable = "system/apps/basaltterminal/main.lua",
  version = "1.0.0",
  app_path = "system/apps/basaltterminal",
  description = "Command line terminal for BasaltOS",
  author = "BasaltOS",
  category = "system",
  system = true,
  window = {
    min_height = 10,
    min_width = 30,
    fullscreen = false,
    default_width = 45,
    resizable = true,
    default_height = 20,
  },
  singleton = false,
  id = "basaltterminal",
}
[15:19:06] [INFO] [PROCESS] Process created | Data: {
  program = "basaltterminal",
  pid = 6,
  type = "windowed",
}
[15:19:06] [DEBUG] [PROCESS] Creating window for PID 6
[15:19:06] [DEBUG] [WM] createWindow called | Data: {
  program = "Terminal",
  pid = 6,
  executable = "system/apps/basaltterminal/main.lua",
}
[15:19:06] [DEBUG] [WM] Window config | Data: {
  width = 45,
  height = 20,
  fullscreen = false,
}
[15:19:06] [DEBUG] [WM] Program directory | Data: {
  dir = "system/apps/basaltterminal",
}
[15:19:06] [INFO] [WM] Executing program | Data: {
  args = {},
  executable = "system/apps/basaltterminal/main.lua",
}
[15:19:06] [INFO] [WM] Program execution started
[15:19:06] [DEBUG] [TASKBAR] Window button added | Data: {
  window_id = 6,
  title = "Terminal",
}
[15:19:06] [DEBUG] [STARTMENU] Start menu closed
[15:19:06] [INFO] [WM] Window created successfully | Data: {
  window_id = 6,
  pid = 6,
}
[15:19:06] [INFO] [PROCESS] Window created | Data: {
  pid = 6,
  window_id = 6,
}
[15:19:06] [DEBUG] [STARTMENU] Start menu closed
[15:19:09] [DEBUG] [TASKBAR] Window button removed | Data: {
  window_id = 6,
}
[15:19:11] [DEBUG] [TASKBAR] Window button removed | Data: {
  window_id = 5,
}
[15:19:12] [DEBUG] [STARTMENU] Start menu opened
[15:19:13] [DEBUG] [PROCESS] startProgram called | Data: {
  program_id = "settings",
}
[15:19:13] [DEBUG] [PROCESS] Program found | Data: {
  name = "Settings",
  executable = "system/apps/settings/main.lua",
  version = "1.0.0",
  app_path = "system/apps/settings",
  description = "System settings configuration",
  category = "system",
  system = true,
  window = {
    min_height = 5,
    min_width = 10,
    fullscreen = false,
    default_width = 45,
    resizable = false,
    default_height = 17,
  },
  id = "settings",
  singleton = true,
}
[15:19:13] [INFO] [PROCESS] Process created | Data: {
  program = "settings",
  pid = 7,
  type = "windowed",
}
[15:19:13] [DEBUG] [PROCESS] Creating window for PID 7
[15:19:13] [DEBUG] [WM] createWindow called | Data: {
  program = "Settings",
  pid = 7,
  executable = "system/apps/settings/main.lua",
}
[15:19:13] [DEBUG] [WM] Window config | Data: {
  width = 45,
  height = 17,
  fullscreen = false,
}
[15:19:13] [DEBUG] [WM] Program directory | Data: {
  dir = "system/apps/settings",
}
[15:19:13] [INFO] [WM] Executing program | Data: {
  args = {},
  executable = "system/apps/settings/main.lua",
}
[15:19:13] [INFO] [WM] Program execution started
[15:19:13] [DEBUG] [TASKBAR] Window button added | Data: {
  window_id = 7,
  title = "Settings",
}
[15:19:13] [DEBUG] [STARTMENU] Start menu closed
[15:19:13] [INFO] [WM] Window created successfully | Data: {
  window_id = 7,
  pid = 7,
}
[15:19:13] [INFO] [PROCESS] Window created | Data: {
  pid = 7,
  window_id = 7,
}
[15:19:13] [DEBUG] [STARTMENU] Start menu closed
[15:19:16] [DEBUG] [TASKBAR] Window button removed | Data: {
  window_id = 7,
}
[15:19:17] [DEBUG] [STARTMENU] Start menu opened
[15:19:18] [DEBUG] [PROCESS] startProgram called | Data: {
  program_id = "launcher",
}
[15:19:18] [DEBUG] [PROCESS] Program found | Data: {
  name = "App Launcher",
  executable = "system/apps/launcher/main.lua",
  version = "1.0.0",
  app_path = "system/apps/launcher",
  description = "Browse and launch installed applications",
  author = "BasaltOS",
  category = "system",
  system = true,
  window = {
    min_height = 5,
    min_width = 10,
    fullscreen = false,
    default_width = 50,
    resizable = false,
    default_height = 18,
  },
  singleton = true,
  id = "launcher",
}
[15:19:18] [INFO] [PROCESS] Process created | Data: {
  program = "launcher",
  pid = 8,
  type = "windowed",
}
[15:19:18] [DEBUG] [PROCESS] Creating window for PID 8
[15:19:18] [DEBUG] [WM] createWindow called | Data: {
  program = "App Launcher",
  pid = 8,
  executable = "system/apps/launcher/main.lua",
}
[15:19:18] [DEBUG] [WM] Window config | Data: {
  width = 50,
  height = 18,
  fullscreen = false,
}
[15:19:18] [DEBUG] [WM] Program directory | Data: {
  dir = "system/apps/launcher",
}
[15:19:18] [INFO] [WM] Executing program | Data: {
  args = {},
  executable = "system/apps/launcher/main.lua",
}
[15:19:18] [INFO] [WM] Program execution started
[15:19:18] [DEBUG] [TASKBAR] Window button added | Data: {
  window_id = 8,
  title = "App Launcher",
}
[15:19:18] [DEBUG] [STARTMENU] Start menu closed
[15:19:18] [INFO] [WM] Window created successfully | Data: {
  window_id = 8,
  pid = 8,
}
[15:19:18] [INFO] [PROCESS] Window created | Data: {
  pid = 8,
  window_id = 8,
}
[15:19:18] [DEBUG] [STARTMENU] Start menu closed
[15:19:20] [DEBUG] [TASKBAR] Window button removed | Data: {
  window_id = 8,
}
[15:20:17] [DEBUG] [STARTMENU] Start menu opened
[15:20:18] [DEBUG] [PROCESS] startProgram called | Data: {
  program_id = "launcher",
}
[15:20:18] [DEBUG] [PROCESS] Program found | Data: {
  name = "App Launcher",
  executable = "system/apps/launcher/main.lua",
  version = "1.0.0",
  app_path = "system/apps/launcher",
  description = "Browse and launch installed applications",
  author = "BasaltOS",
  category = "system",
  system = true,
  window = {
    min_height = 5,
    min_width = 10,
    fullscreen = false,
    default_width = 50,
    resizable = false,
    default_height = 18,
  },
  singleton = true,
  id = "launcher",
}
[15:20:18] [INFO] [PROCESS] Process created | Data: {
  program = "launcher",
  pid = 9,
  type = "windowed",
}
[15:20:18] [DEBUG] [PROCESS] Creating window for PID 9
[15:20:18] [DEBUG] [WM] createWindow called | Data: {
  program = "App Launcher",
  pid = 9,
  executable = "system/apps/launcher/main.lua",
}
[15:20:18] [DEBUG] [WM] Window config | Data: {
  width = 50,
  height = 18,
  fullscreen = false,
}
[15:20:18] [DEBUG] [WM] Program directory | Data: {
  dir = "system/apps/launcher",
}
[15:20:18] [INFO] [WM] Executing program | Data: {
  args = {},
  executable = "system/apps/launcher/main.lua",
}
[15:20:18] [INFO] [WM] Program execution started
[15:20:18] [DEBUG] [TASKBAR] Window button added | Data: {
  window_id = 9,
  title = "App Launcher",
}
[15:20:18] [DEBUG] [STARTMENU] Start menu closed
[15:20:18] [INFO] [WM] Window created successfully | Data: {
  window_id = 9,
  pid = 9,
}
[15:20:18] [INFO] [PROCESS] Window created | Data: {
  pid = 9,
  window_id = 9,
}
[15:20:18] [DEBUG] [STARTMENU] Start menu closed
[15:20:26] [DEBUG] [PROCESS] startProgram called | Data: {
  program_id = "pastebin",
}
[15:20:26] [DEBUG] [PROCESS] Program found | Data: {
  name = "Pastebin",
  executable = "rom/programs/http/pastebin.lua",
  version = "1.0.0",
  app_path = "system/apps/pastebin",
  description = "Upload and download code from pastebin.com",
  author = "ComputerCraft",
  system = true,
  category = "utilities",
  window = {
    min_height = 5,
    min_width = 10,
    fullscreen = false,
    default_width = 30,
    resizable = false,
    default_height = 15,
  },
  id = "pastebin",
  singleton = false,
  args = {
    {
      name = "command",
      type = "select",
      required = true,
      label = "Action",
      options = {
        {
          label = "Download",
          value = "get",
          args = {
            {
              description = "e.g. abc123",
              name = "code",
              type = "text",
              required = true,
              label = "Pastebin Code",
              default = "",
            },
            {
              description = "e.g. myscript.lua",
              name = "output",
              type = "file",
              required = true,
              label = "Save as",
              default = "",
            },
          },
        },
        {
          label = "Upload",
          value = "put",
          args = {
            {
              description = "e.g. myscript.lua",
              name = "input",
              type = "file",
              required = true,
              label = "Local File",
              default = "",
            },
          },
        },
        {
          label = "Run",
          value = "run",
          args = {
            {
              description = "e.g. abc123",
              name = "code",
              type = "text",
              required = true,
              label = "Pastebin Code",
              default = "",
            },
          },
        },
      },
    },
  },
}
[15:20:33] [INFO] [PROCESS] Arg collection cancelled by user | Data: {
  program_id = "pastebin",
}
[15:20:35] [DEBUG] [PROCESS] startProgram called | Data: {
  program_id = "shell",
}
[15:20:35] [DEBUG] [PROCESS] Program found | Data: {
  name = "Shell",
  executable = "rom/programs/shell.lua",
  version = "1.0.0",
  app_path = "system/apps/shell",
  description = "ComputerCraft's command line interface",
  author = "ComputerCraft",
  category = "utilities",
  system = true,
  window = {
    min_height = 5,
    min_width = 10,
    fullscreen = false,
    default_width = 30,
    resizable = true,
    auto_close = false,
    default_height = 15,
  },
  id = "shell",
}
[15:20:35] [INFO] [PROCESS] Process created | Data: {
  program = "shell",
  pid = 10,
  type = "windowed",
}
[15:20:35] [DEBUG] [PROCESS] Creating window for PID 10
[15:20:35] [DEBUG] [WM] createWindow called | Data: {
  program = "Shell",
  pid = 10,
  executable = "rom/programs/shell.lua",
}
[15:20:35] [DEBUG] [WM] Window config | Data: {
  width = 30,
  height = 15,
  fullscreen = false,
}
[15:20:35] [DEBUG] [WM] Program directory | Data: {
  dir = "rom/programs",
}
[15:20:35] [INFO] [WM] Executing program | Data: {
  args = {},
  executable = "rom/programs/shell.lua",
}
[15:20:35] [INFO] [WM] Program execution started
[15:20:35] [DEBUG] [TASKBAR] Window button added | Data: {
  window_id = 10,
  title = "shell",
}
[15:20:35] [INFO] [WM] Window created successfully | Data: {
  window_id = 10,
  pid = 10,
}
[15:20:35] [INFO] [PROCESS] Window created | Data: {
  pid = 10,
  window_id = 10,
}
[15:20:36] [DEBUG] [TASKBAR] Window button removed | Data: {
  window_id = 10,
}
[15:20:40] [DEBUG] [PROCESS] startProgram called | Data: {
  program_id = "paint",
}
[15:20:40] [DEBUG] [PROCESS] Program found | Data: {
  name = "Paint",
  executable = "rom/programs/fun/advanced/paint.lua",
  version = "1.0.0",
  app_path = "system/apps/paint",
  description = "A simple paint program for ComputerCraft.",
  author = "ComputerCraft",
  category = "utilities",
  system = true,
  window = {
    min_height = 5,
    min_width = 10,
    fullscreen = false,
    default_width = 30,
    resizable = true,
    auto_close = false,
    default_height = 15,
  },
  id = "paint",
  args = {
    {
      description = "File to open or create",
      name = "path",
      type = "file",
      required = true,
      label = "File Path",
      default = "",
    },
  },
}
[15:20:48] [INFO] [PROCESS] Arg collection cancelled by user | Data: {
  program_id = "paint",
}
[15:20:51] [DEBUG] [PROCESS] startProgram called | Data: {
  program_id = "launcher",
}
[15:20:51] [DEBUG] [PROCESS] Program found | Data: {
  name = "App Launcher",
  executable = "system/apps/launcher/main.lua",
  version = "1.0.0",
  app_path = "system/apps/launcher",
  description = "Browse and launch installed applications",
  author = "BasaltOS",
  category = "system",
  system = true,
  window = {
    min_height = 5,
    min_width = 10,
    fullscreen = false,
    default_width = 50,
    resizable = false,
    default_height = 18,
  },
  singleton = true,
  id = "launcher",
}
[15:20:51] [INFO] [PROCESS] Process created | Data: {
  program = "launcher",
  pid = 11,
  type = "windowed",
}
[15:20:51] [DEBUG] [PROCESS] Creating window for PID 11
[15:20:51] [DEBUG] [WM] createWindow called | Data: {
  program = "App Launcher",
  pid = 11,
  executable = "system/apps/launcher/main.lua",
}
[15:20:51] [INFO] [WM] Singleton app already running, focusing existing window | Data: {
  program_id = "launcher",
  window_id = 9,
  existing_pid = 9,
}
[15:20:51] [INFO] [PROCESS] Window created | Data: {
  pid = 11,
  window_id = 9,
}
[15:21:33] [DEBUG] [PROCESS] startProgram called | Data: {
  program_id = "settings",
}
[15:21:33] [DEBUG] [PROCESS] Program found | Data: {
  name = "Settings",
  executable = "system/apps/settings/main.lua",
  version = "1.0.0",
  app_path = "system/apps/settings",
  description = "System settings configuration",
  category = "system",
  system = true,
  window = {
    min_height = 5,
    min_width = 10,
    fullscreen = false,
    default_width = 45,
    resizable = false,
    default_height = 17,
  },
  id = "settings",
  singleton = true,
}
[15:21:33] [INFO] [PROCESS] Process created | Data: {
  program = "settings",
  pid = 12,
  type = "windowed",
}
[15:21:33] [DEBUG] [PROCESS] Creating window for PID 12
[15:21:33] [DEBUG] [WM] createWindow called | Data: {
  program = "Settings",
  pid = 12,
  executable = "system/apps/settings/main.lua",
}
[15:21:33] [DEBUG] [WM] Window config | Data: {
  width = 45,
  height = 17,
  fullscreen = false,
}
[15:21:33] [DEBUG] [WM] Program directory | Data: {
  dir = "system/apps/settings",
}
[15:21:33] [INFO] [WM] Executing program | Data: {
  args = {},
  executable = "system/apps/settings/main.lua",
}
[15:21:33] [INFO] [WM] Program execution started
[15:21:33] [DEBUG] [TASKBAR] Window button added | Data: {
  window_id = 11,
  title = "Settings",
}
[15:21:33] [INFO] [WM] Window created successfully | Data: {
  window_id = 11,
  pid = 12,
}
[15:21:33] [INFO] [PROCESS] Window created | Data: {
  pid = 12,
  window_id = 11,
}
[15:21:38] [DEBUG] [TASKBAR] Window button removed | Data: {
  window_id = 11,
}
[15:22:50] [DEBUG] [STARTMENU] Start menu opened
[15:22:52] [DEBUG] [PROCESS] startProgram called | Data: {
  program_id = "launcher",
}
[15:22:52] [DEBUG] [PROCESS] Program found | Data: {
  name = "App Launcher",
  executable = "system/apps/launcher/main.lua",
  version = "1.0.0",
  app_path = "system/apps/launcher",
  description = "Browse and launch installed applications",
  author = "BasaltOS",
  category = "system",
  system = true,
  window = {
    min_height = 5,
    min_width = 10,
    fullscreen = false,
    default_width = 50,
    resizable = false,
    default_height = 18,
  },
  singleton = true,
  id = "launcher",
}
[15:22:52] [INFO] [PROCESS] Process created | Data: {
  program = "launcher",
  pid = 13,
  type = "windowed",
}
[15:22:52] [DEBUG] [PROCESS] Creating window for PID 13
[15:22:52] [DEBUG] [WM] createWindow called | Data: {
  program = "App Launcher",
  pid = 13,
  executable = "system/apps/launcher/main.lua",
}
[15:22:52] [INFO] [WM] Singleton app already running, focusing existing window | Data: {
  program_id = "launcher",
  window_id = 9,
  existing_pid = 9,
}
[15:22:52] [DEBUG] [STARTMENU] Start menu closed
[15:22:52] [INFO] [PROCESS] Window created | Data: {
  pid = 13,
  window_id = 9,
}
[15:22:52] [DEBUG] [STARTMENU] Start menu closed
[15:22:54] [DEBUG] [STARTMENU] Start menu opened
[15:22:55] [DEBUG] [PROCESS] startProgram called | Data: {
  program_id = "launcher",
}
[15:22:55] [DEBUG] [PROCESS] Program found | Data: {
  name = "App Launcher",
  executable = "system/apps/launcher/main.lua",
  version = "1.0.0",
  app_path = "system/apps/launcher",
  description = "Browse and launch installed applications",
  author = "BasaltOS",
  category = "system",
  system = true,
  window = {
    min_height = 5,
    min_width = 10,
    fullscreen = false,
    default_width = 50,
    resizable = false,
    default_height = 18,
  },
  singleton = true,
  id = "launcher",
}
[15:22:55] [INFO] [PROCESS] Process created | Data: {
  program = "launcher",
  pid = 14,
  type = "windowed",
}
[15:22:55] [DEBUG] [PROCESS] Creating window for PID 14
[15:22:55] [DEBUG] [WM] createWindow called | Data: {
  program = "App Launcher",
  pid = 14,
  executable = "system/apps/launcher/main.lua",
}
[15:22:55] [INFO] [WM] Singleton app already running, focusing existing window | Data: {
  program_id = "launcher",
  window_id = 9,
  existing_pid = 9,
}
[15:22:55] [DEBUG] [STARTMENU] Start menu closed
[15:22:55] [INFO] [PROCESS] Window created | Data: {
  pid = 14,
  window_id = 9,
}
[15:22:55] [DEBUG] [STARTMENU] Start menu closed
[15:22:58] [DEBUG] [TASKBAR] Window button removed | Data: {
  window_id = 9,
}
[15:22:59] [DEBUG] [STARTMENU] Start menu opened
[15:23:00] [DEBUG] [PROCESS] startProgram called | Data: {
  program_id = "settings",
}
[15:23:00] [DEBUG] [PROCESS] Program found | Data: {
  name = "Settings",
  executable = "system/apps/settings/main.lua",
  version = "1.0.0",
  app_path = "system/apps/settings",
  description = "System settings configuration",
  category = "system",
  system = true,
  window = {
    min_height = 5,
    min_width = 10,
    fullscreen = false,
    default_width = 45,
    resizable = false,
    default_height = 17,
  },
  id = "settings",
  singleton = true,
}
[15:23:00] [INFO] [PROCESS] Process created | Data: {
  program = "settings",
  pid = 15,
  type = "windowed",
}
[15:23:00] [DEBUG] [PROCESS] Creating window for PID 15
[15:23:00] [DEBUG] [WM] createWindow called | Data: {
  program = "Settings",
  pid = 15,
  executable = "system/apps/settings/main.lua",
}
[15:23:00] [DEBUG] [WM] Window config | Data: {
  width = 45,
  height = 17,
  fullscreen = false,
}
[15:23:00] [DEBUG] [WM] Program directory | Data: {
  dir = "system/apps/settings",
}
[15:23:00] [INFO] [WM] Executing program | Data: {
  args = {},
  executable = "system/apps/settings/main.lua",
}
[15:23:00] [INFO] [WM] Program execution started
[15:23:00] [DEBUG] [TASKBAR] Window button added | Data: {
  window_id = 12,
  title = "Settings",
}
[15:23:00] [DEBUG] [STARTMENU] Start menu closed
[15:23:00] [INFO] [WM] Window created successfully | Data: {
  window_id = 12,
  pid = 15,
}
[15:23:00] [INFO] [PROCESS] Window created | Data: {
  pid = 15,
  window_id = 12,
}
[15:23:00] [DEBUG] [STARTMENU] Start menu closed
[15:23:12] [DEBUG] [TASKBAR] Window restored | Data: {
  window_id = 12,
}
[15:23:14] [DEBUG] [STARTMENU] Start menu opened
[15:23:17] [DEBUG] [STARTMENU] Start menu closed
[15:23:18] [DEBUG] [TASKBAR] Window button removed | Data: {
  window_id = 12,
}
[15:23:19] [DEBUG] [NOTIFICATION] Toast shown | Data: {
  title = "Success",
  type = "success",
  id = 1,
}
[15:23:22] [DEBUG] [NOTIFICATION] Toast shown | Data: {
  title = "Test",
  type = "info",
  id = 2,
}
[15:23:25] [DEBUG] [NOTIFICATION] Toast shown | Data: {
  title = "Alert",
  type = "info",
  id = 3,
}
[15:23:29] [DEBUG] [NOTIFICATION] Toast shown | Data: {
  title = "Confirm",
  type = "warning",
  id = 4,
}
[15:24:01] [DEBUG] [STARTMENU] Start menu opened
[15:24:02] [DEBUG] [PROCESS] startProgram called | Data: {
  program_id = "launcher",
}
[15:24:02] [DEBUG] [PROCESS] Program found | Data: {
  name = "App Launcher",
  executable = "system/apps/launcher/main.lua",
  version = "1.0.0",
  app_path = "system/apps/launcher",
  description = "Browse and launch installed applications",
  author = "BasaltOS",
  category = "system",
  system = true,
  window = {
    min_height = 5,
    min_width = 10,
    fullscreen = false,
    default_width = 50,
    resizable = false,
    default_height = 18,
  },
  singleton = true,
  id = "launcher",
}
[15:24:02] [INFO] [PROCESS] Process created | Data: {
  program = "launcher",
  pid = 16,
  type = "windowed",
}
[15:24:02] [DEBUG] [PROCESS] Creating window for PID 16
[15:24:02] [DEBUG] [WM] createWindow called | Data: {
  program = "App Launcher",
  pid = 16,
  executable = "system/apps/launcher/main.lua",
}
[15:24:02] [DEBUG] [WM] Window config | Data: {
  width = 50,
  height = 18,
  fullscreen = false,
}
[15:24:02] [DEBUG] [WM] Program directory | Data: {
  dir = "system/apps/launcher",
}
[15:24:02] [INFO] [WM] Executing program | Data: {
  args = {},
  executable = "system/apps/launcher/main.lua",
}
[15:24:02] [INFO] [WM] Program execution started
[15:24:02] [DEBUG] [TASKBAR] Window button added | Data: {
  window_id = 13,
  title = "App Launcher",
}
[15:24:02] [DEBUG] [STARTMENU] Start menu closed
[15:24:02] [INFO] [WM] Window created successfully | Data: {
  window_id = 13,
  pid = 16,
}
[15:24:02] [INFO] [PROCESS] Window created | Data: {
  pid = 16,
  window_id = 13,
}
[15:24:02] [DEBUG] [STARTMENU] Start menu closed
[15:24:03] [DEBUG] [PROCESS] startProgram called | Data: {
  program_id = "edit",
}
[15:24:03] [DEBUG] [PROCESS] Program found | Data: {
  name = "Editor",
  executable = "rom/programs/edit.lua",
  version = "1.0.0",
  app_path = "system/apps/edit",
  description = "Text and code editor",
  author = "ComputerCraft",
  system = true,
  category = "utilities",
  window = {
    min_height = 5,
    min_width = 10,
    fullscreen = false,
    default_width = 30,
    resizable = true,
    default_height = 15,
  },
  id = "edit",
  singleton = false,
  args = {
    {
      description = "File to open or create",
      name = "path",
      type = "file",
      required = true,
      label = "File Path",
      default = "",
    },
  },
}
[15:24:04] [INFO] [PROCESS] Arg collection cancelled by user | Data: {
  program_id = "edit",
}
[15:24:05] [DEBUG] [PROCESS] startProgram called | Data: {
  program_id = "exec",
}
[15:24:05] [DEBUG] [PROCESS] Program found | Data: {
  name = "Exec",
  executable = "system/apps/exec/main.lua",
  version = "1.0.0",
  app_path = "system/apps/exec",
  description = "Runs a Lua script and shows errors if it crashes",
  author = "BasaltOS",
  system = true,
  category = "utilities",
  window = {
    min_height = 5,
    min_width = 10,
    fullscreen = false,
    default_width = 30,
    resizable = false,
    default_height = 15,
  },
  id = "exec",
  singleton = false,
  args = {
    {
      description = "Lua script to run",
      name = "path",
      type = "file",
      required = true,
      label = "Script Path",
      default = "",
    },
  },
}
[15:24:06] [INFO] [PROCESS] Arg collection cancelled by user | Data: {
  program_id = "exec",
}
[15:24:14] [DEBUG] [PROCESS] startProgram called | Data: {
  program_id = "basaltterminal",
}
[15:24:14] [DEBUG] [PROCESS] Program found | Data: {
  name = "Terminal",
  executable = "system/apps/basaltterminal/main.lua",
  version = "1.0.0",
  app_path = "system/apps/basaltterminal",
  description = "Command line terminal for BasaltOS",
  author = "BasaltOS",
  category = "system",
  system = true,
  window = {
    min_height = 10,
    min_width = 30,
    fullscreen = false,
    default_width = 45,
    resizable = true,
    default_height = 20,
  },
  singleton = false,
  id = "basaltterminal",
}
[15:24:14] [INFO] [PROCESS] Process created | Data: {
  program = "basaltterminal",
  pid = 17,
  type = "windowed",
}
[15:24:14] [DEBUG] [PROCESS] Creating window for PID 17
[15:24:14] [DEBUG] [WM] createWindow called | Data: {
  program = "Terminal",
  pid = 17,
  executable = "system/apps/basaltterminal/main.lua",
}
[15:24:14] [DEBUG] [WM] Window config | Data: {
  width = 45,
  height = 20,
  fullscreen = false,
}
[15:24:14] [DEBUG] [WM] Program directory | Data: {
  dir = "system/apps/basaltterminal",
}
[15:24:14] [INFO] [WM] Executing program | Data: {
  args = {},
  executable = "system/apps/basaltterminal/main.lua",
}
[15:24:14] [INFO] [WM] Program execution started
[15:24:14] [DEBUG] [TASKBAR] Window button added | Data: {
  window_id = 14,
  title = "Terminal",
}
[15:24:14] [INFO] [WM] Window created successfully | Data: {
  window_id = 14,
  pid = 17,
}
[15:24:14] [INFO] [PROCESS] Window created | Data: {
  pid = 17,
  window_id = 14,
}
[15:24:20] [DEBUG] [TASKBAR] Window button removed | Data: {
  window_id = 14,
}
[15:24:21] [DEBUG] [PROCESS] startProgram called | Data: {
  program_id = "worm",
}
[15:24:21] [DEBUG] [PROCESS] Program found | Data: {
  name = "Worm",
  executable = "rom/programs/fun/worm.lua",
  version = "1.0.0",
  app_path = "system/apps/worm",
  description = "Classic snake game",
  author = "ComputerCraft",
  category = "games",
  system = true,
  window = {
    min_height = 19,
    min_width = 51,
    fullscreen = true,
    default_width = 51,
    resizable = false,
    default_height = 19,
  },
  singleton = false,
  id = "worm",
}
[15:24:21] [INFO] [PROCESS] Process created | Data: {
  program = "worm",
  pid = 18,
  type = "windowed",
}
[15:24:21] [DEBUG] [PROCESS] Creating window for PID 18
[15:24:21] [DEBUG] [WM] createWindow called | Data: {
  program = "Worm",
  pid = 18,
  executable = "rom/programs/fun/worm.lua",
}
[15:24:21] [DEBUG] [WM] Window config | Data: {
  width = 51,
  height = 19,
  fullscreen = true,
}
[15:24:21] [DEBUG] [WM] Program directory | Data: {
  dir = "rom/programs/fun",
}
[15:24:21] [INFO] [WM] Executing program | Data: {
  args = {},
  executable = "rom/programs/fun/worm.lua",
}
[15:24:21] [INFO] [WM] Program execution started
[15:24:21] [DEBUG] [TASKBAR] Window button added | Data: {
  window_id = 15,
  title = "Worm",
}
[15:24:21] [INFO] [WM] Window created successfully | Data: {
  window_id = 15,
  pid = 18,
}
[15:24:21] [INFO] [PROCESS] Window created | Data: {
  pid = 18,
  window_id = 15,
}
[15:24:34] [DEBUG] [TASKBAR] Window restored | Data: {
  window_id = 15,
}
[15:24:36] [DEBUG] [TASKBAR] Window focused | Data: {
  window_id = 13,
}
[15:24:37] [DEBUG] [TASKBAR] Window minimized | Data: {
  window_id = 13,
}
[15:24:39] [DEBUG] [TASKBAR] Window restored | Data: {
  window_id = 13,
}
[15:24:41] [DEBUG] [TASKBAR] Window minimized | Data: {
  window_id = 13,
}
[15:24:42] [DEBUG] [TASKBAR] Window restored | Data: {
  window_id = 13,
}
[15:24:43] [DEBUG] [TASKBAR] Window restored | Data: {
  window_id = 15,
}
[15:24:45] [DEBUG] [TASKBAR] Window restored | Data: {
  window_id = 15,
}
[15:24:51] [DEBUG] [TASKBAR] Window button removed | Data: {
  window_id = 13,
}
[15:24:52] [DEBUG] [STARTMENU] Start menu opened
[15:24:54] [DEBUG] [PROCESS] startProgram called | Data: {
  program_id = "launcher",
}
[15:24:54] [DEBUG] [PROCESS] Program found | Data: {
  name = "App Launcher",
  executable = "system/apps/launcher/main.lua",
  version = "1.0.0",
  app_path = "system/apps/launcher",
  description = "Browse and launch installed applications",
  author = "BasaltOS",
  category = "system",
  system = true,
  window = {
    min_height = 5,
    min_width = 10,
    fullscreen = false,
    default_width = 50,
    resizable = false,
    default_height = 18,
  },
  singleton = true,
  id = "launcher",
}
[15:24:54] [INFO] [PROCESS] Process created | Data: {
  program = "launcher",
  pid = 19,
  type = "windowed",
}
[15:24:54] [DEBUG] [PROCESS] Creating window for PID 19
[15:24:54] [DEBUG] [WM] createWindow called | Data: {
  program = "App Launcher",
  pid = 19,
  executable = "system/apps/launcher/main.lua",
}
[15:24:54] [DEBUG] [WM] Window config | Data: {
  width = 50,
  height = 18,
  fullscreen = false,
}
[15:24:54] [DEBUG] [WM] Program directory | Data: {
  dir = "system/apps/launcher",
}
[15:24:54] [INFO] [WM] Executing program | Data: {
  args = {},
  executable = "system/apps/launcher/main.lua",
}
[15:24:54] [INFO] [WM] Program execution started
[15:24:54] [DEBUG] [TASKBAR] Window button added | Data: {
  window_id = 16,
  title = "App Launcher",
}
[15:24:54] [DEBUG] [STARTMENU] Start menu closed
[15:24:54] [INFO] [WM] Window created successfully | Data: {
  window_id = 16,
  pid = 19,
}
[15:24:54] [INFO] [PROCESS] Window created | Data: {
  pid = 19,
  window_id = 16,
}
[15:24:54] [DEBUG] [STARTMENU] Start menu closed
[15:25:00] [DEBUG] [PROCESS] startProgram called | Data: {
  program_id = "basaltterminal",
}
[15:25:00] [DEBUG] [PROCESS] Program found | Data: {
  name = "Terminal",
  executable = "system/apps/basaltterminal/main.lua",
  version = "1.0.0",
  app_path = "system/apps/basaltterminal",
  description = "Command line terminal for BasaltOS",
  author = "BasaltOS",
  category = "system",
  system = true,
  window = {
    min_height = 10,
    min_width = 30,
    fullscreen = false,
    default_width = 45,
    resizable = true,
    default_height = 20,
  },
  singleton = false,
  id = "basaltterminal",
}
[15:25:00] [INFO] [PROCESS] Process created | Data: {
  program = "basaltterminal",
  pid = 20,
  type = "windowed",
}
[15:25:00] [DEBUG] [PROCESS] Creating window for PID 20
[15:25:00] [DEBUG] [WM] createWindow called | Data: {
  program = "Terminal",
  pid = 20,
  executable = "system/apps/basaltterminal/main.lua",
}
[15:25:00] [DEBUG] [WM] Window config | Data: {
  width = 45,
  height = 20,
  fullscreen = false,
}
[15:25:00] [DEBUG] [WM] Program directory | Data: {
  dir = "system/apps/basaltterminal",
}
[15:25:00] [INFO] [WM] Executing program | Data: {
  args = {},
  executable = "system/apps/basaltterminal/main.lua",
}
[15:25:00] [INFO] [WM] Program execution started
[15:25:00] [DEBUG] [TASKBAR] Window button added | Data: {
  window_id = 17,
  title = "Terminal",
}
[15:25:00] [INFO] [WM] Window created successfully | Data: {
  window_id = 17,
  pid = 20,
}
[15:25:00] [INFO] [PROCESS] Window created | Data: {
  pid = 20,
  window_id = 17,
}
[15:25:01] [DEBUG] [TASKBAR] Window button removed | Data: {
  window_id = 17,
}
[15:25:03] [DEBUG] [PROCESS] startProgram called | Data: {
  program_id = "worm",
}
[15:25:03] [DEBUG] [PROCESS] Program found | Data: {
  name = "Worm",
  executable = "rom/programs/fun/worm.lua",
  version = "1.0.0",
  app_path = "system/apps/worm",
  description = "Classic snake game",
  author = "ComputerCraft",
  category = "games",
  system = true,
  window = {
    min_height = 19,
    min_width = 51,
    fullscreen = true,
    default_width = 51,
    resizable = false,
    default_height = 19,
  },
  singleton = false,
  id = "worm",
}
[15:25:03] [INFO] [PROCESS] Process created | Data: {
  program = "worm",
  pid = 21,
  type = "windowed",
}
[15:25:03] [DEBUG] [PROCESS] Creating window for PID 21
[15:25:03] [DEBUG] [WM] createWindow called | Data: {
  program = "Worm",
  pid = 21,
  executable = "rom/programs/fun/worm.lua",
}
[15:25:03] [DEBUG] [WM] Window config | Data: {
  width = 51,
  height = 19,
  fullscreen = true,
}
[15:25:03] [DEBUG] [WM] Program directory | Data: {
  dir = "rom/programs/fun",
}
[15:25:03] [INFO] [WM] Executing program | Data: {
  args = {},
  executable = "rom/programs/fun/worm.lua",
}
[15:25:03] [INFO] [WM] Program execution started
[15:25:03] [DEBUG] [TASKBAR] Window button added | Data: {
  window_id = 18,
  title = "Worm",
}
[15:25:03] [INFO] [WM] Window created successfully | Data: {
  window_id = 18,
  pid = 21,
}
[15:25:03] [INFO] [PROCESS] Window created | Data: {
  pid = 21,
  window_id = 18,
}
[15:25:04] [DEBUG] [TASKBAR] Window button removed | Data: {
  window_id = 18,
}
[15:25:05] [DEBUG] [TASKBAR] Window restored | Data: {
  window_id = 15,
}
[15:25:09] [DEBUG] [PROCESS] startProgram called | Data: {
  program_id = "worm",
}
[15:25:09] [DEBUG] [PROCESS] Program found | Data: {
  name = "Worm",
  executable = "rom/programs/fun/worm.lua",
  version = "1.0.0",
  app_path = "system/apps/worm",
  description = "Classic snake game",
  author = "ComputerCraft",
  category = "games",
  system = true,
  window = {
    min_height = 19,
    min_width = 51,
    fullscreen = true,
    default_width = 51,
    resizable = false,
    default_height = 19,
  },
  singleton = false,
  id = "worm",
}
[15:25:09] [INFO] [PROCESS] Process created | Data: {
  program = "worm",
  pid = 22,
  type = "windowed",
}
[15:25:09] [DEBUG] [PROCESS] Creating window for PID 22
[15:25:09] [DEBUG] [WM] createWindow called | Data: {
  program = "Worm",
  pid = 22,
  executable = "rom/programs/fun/worm.lua",
}
[15:25:09] [DEBUG] [WM] Window config | Data: {
  width = 51,
  height = 19,
  fullscreen = true,
}
[15:25:09] [DEBUG] [WM] Program directory | Data: {
  dir = "rom/programs/fun",
}
[15:25:09] [INFO] [WM] Executing program | Data: {
  args = {},
  executable = "rom/programs/fun/worm.lua",
}
[15:25:09] [INFO] [WM] Program execution started
[15:25:09] [DEBUG] [TASKBAR] Window button added | Data: {
  window_id = 19,
  title = "Worm",
}
[15:25:09] [INFO] [WM] Window created successfully | Data: {
  window_id = 19,
  pid = 22,
}
[15:25:09] [INFO] [PROCESS] Window created | Data: {
  pid = 22,
  window_id = 19,
}
[15:25:12] [DEBUG] [TASKBAR] Window restored | Data: {
  window_id = 19,
}
[15:25:14] [DEBUG] [TASKBAR] Window restored | Data: {
  window_id = 19,
}
[15:25:15] [DEBUG] [TASKBAR] Window button removed | Data: {
  window_id = 19,
}
[15:25:21] [DEBUG] [TASKBAR] Window restored | Data: {
  window_id = 15,
}
[15:26:15] [DEBUG] [TASKBAR] Window button removed | Data: {
  window_id = 15,
}
[17:15:53] [DEBUG] [PROCESS] startProgram called | Data: {
  program_id = "pastebin",
}
[17:15:53] [DEBUG] [PROCESS] Program found | Data: {
  name = "Pastebin",
  executable = "rom/programs/http/pastebin.lua",
  version = "1.0.0",
  app_path = "system/apps/pastebin",
  description = "Upload and download code from pastebin.com",
  author = "ComputerCraft",
  system = true,
  category = "utilities",
  window = {
    min_height = 5,
    min_width = 10,
    fullscreen = false,
    default_width = 30,
    resizable = false,
    default_height = 15,
  },
  id = "pastebin",
  singleton = false,
  args = {
    {
      name = "command",
      type = "select",
      required = true,
      label = "Action",
      options = {
        {
          label = "Download",
          value = "get",
          args = {
            {
              description = "e.g. abc123",
              name = "code",
              type = "text",
              required = true,
              label = "Pastebin Code",
              default = "",
            },
            {
              description = "e.g. myscript.lua",
              name = "output",
              type = "file",
              required = true,
              label = "Save as",
              default = "",
            },
          },
        },
        {
          label = "Upload",
          value = "put",
          args = {
            {
              description = "e.g. myscript.lua",
              name = "input",
              type = "file",
              required = true,
              label = "Local File",
              default = "",
            },
          },
        },
        {
          label = "Run",
          value = "run",
          args = {
            {
              description = "e.g. abc123",
              name = "code",
              type = "text",
              required = true,
              label = "Pastebin Code",
              default = "",
            },
          },
        },
      },
    },
  },
}
[17:15:54] [INFO] [PROCESS] Arg collection cancelled by user | Data: {
  program_id = "pastebin",
}
[17:15:55] [DEBUG] [PROCESS] startProgram called | Data: {
  program_id = "shell",
}
[17:15:55] [DEBUG] [PROCESS] Program found | Data: {
  name = "Shell",
  executable = "rom/programs/shell.lua",
  version = "1.0.0",
  app_path = "system/apps/shell",
  description = "ComputerCraft's command line interface",
  author = "ComputerCraft",
  category = "utilities",
  system = true,
  window = {
    min_height = 5,
    min_width = 10,
    fullscreen = false,
    default_width = 30,
    resizable = true,
    auto_close = false,
    default_height = 15,
  },
  id = "shell",
}
[17:15:55] [INFO] [PROCESS] Process created | Data: {
  program = "shell",
  pid = 23,
  type = "windowed",
}
[17:15:55] [DEBUG] [PROCESS] Creating window for PID 23
[17:15:55] [DEBUG] [WM] createWindow called | Data: {
  program = "Shell",
  pid = 23,
  executable = "rom/programs/shell.lua",
}
[17:15:55] [DEBUG] [WM] Window config | Data: {
  width = 30,
  height = 15,
  fullscreen = false,
}
[17:15:55] [DEBUG] [WM] Program directory | Data: {
  dir = "rom/programs",
}
[17:15:55] [INFO] [WM] Executing program | Data: {
  args = {},
  executable = "rom/programs/shell.lua",
}
[17:15:55] [INFO] [WM] Program execution started
[17:15:55] [DEBUG] [TASKBAR] Window button added | Data: {
  window_id = 20,
  title = "shell",
}
[17:15:55] [INFO] [WM] Window created successfully | Data: {
  window_id = 20,
  pid = 23,
}
[17:15:55] [INFO] [PROCESS] Window created | Data: {
  pid = 23,
  window_id = 20,
}
[17:15:57] [DEBUG] [TASKBAR] Window button removed | Data: {
  window_id = 20,
}
[17:22:41] [DEBUG] [PROCESS] startProgram called | Data: {
  program_id = "edit",
}
[17:22:41] [DEBUG] [PROCESS] Program found | Data: {
  name = "Editor",
  executable = "rom/programs/edit.lua",
  version = "1.0.0",
  app_path = "system/apps/edit",
  description = "Text and code editor",
  author = "ComputerCraft",
  system = true,
  category = "utilities",
  window = {
    min_height = 5,
    min_width = 10,
    fullscreen = false,
    default_width = 30,
    resizable = true,
    default_height = 15,
  },
  id = "edit",
  singleton = false,
  args = {
    {
      description = "File to open or create",
      name = "path",
      type = "file",
      required = true,
      label = "File Path",
      default = "",
    },
  },
}
[17:22:42] [INFO] [PROCESS] Arg collection cancelled by user | Data: {
  program_id = "edit",
}
[17:27:21] [DEBUG] [PROCESS] startProgram called | Data: {
  program_id = "edit",
}
[17:27:21] [DEBUG] [PROCESS] Program found | Data: {
  name = "Editor",
  executable = "rom/programs/edit.lua",
  version = "1.0.0",
  app_path = "system/apps/edit",
  description = "Text and code editor",
  author = "ComputerCraft",
  system = true,
  category = "utilities",
  window = {
    min_height = 5,
    min_width = 10,
    fullscreen = false,
    default_width = 30,
    resizable = true,
    default_height = 15,
  },
  id = "edit",
  singleton = false,
  args = {
    {
      description = "File to open or create",
      name = "path",
      type = "file",
      required = true,
      label = "File Path",
      default = "",
    },
  },
}
[17:27:23] [INFO] [PROCESS] Arg collection cancelled by user | Data: {
  program_id = "edit",
}
[17:35:31] [DEBUG] [PROCESS] startProgram called | Data: {
  program_id = "launcher",
}
[17:35:31] [DEBUG] [PROCESS] Program found | Data: {
  name = "App Launcher",
  executable = "system/apps/launcher/main.lua",
  version = "1.0.0",
  app_path = "system/apps/launcher",
  description = "Browse and launch installed applications",
  author = "BasaltOS",
  category = "system",
  system = true,
  window = {
    min_height = 5,
    min_width = 10,
    fullscreen = false,
    default_width = 50,
    resizable = false,
    default_height = 18,
  },
  singleton = true,
  id = "launcher",
}
[17:35:31] [INFO] [PROCESS] Process created | Data: {
  program = "launcher",
  pid = 24,
  type = "windowed",
}
[17:35:31] [DEBUG] [PROCESS] Creating window for PID 24
[17:35:31] [DEBUG] [WM] createWindow called | Data: {
  program = "App Launcher",
  pid = 24,
  executable = "system/apps/launcher/main.lua",
}
[17:35:31] [INFO] [WM] Singleton app already running, focusing existing window | Data: {
  program_id = "launcher",
  window_id = 16,
  existing_pid = 19,
}
[17:35:31] [INFO] [PROCESS] Window created | Data: {
  pid = 24,
  window_id = 16,
}
